[web/index.html]
[backblue.gif]
[fade.gif]
[index.html]
[web/index.html]
[web/js/share.js]
[web/vxqcxquooxdg.html]
[web/understanding-olap-and-oltp.html]
[web/load-balancer-vs-api-gateway.html]
[web/ico/favicon.ico]
[web/sxdz0fb3dopm.html]
[web/storing-values-within-index.html]
[web/databases-memory-and-disks.html]
[web/lercinhon6lb.html]
[web/css/normalize.min.css]
[web/css/share.css]
[web/css/ckeditor-content.css]
[web/vxqcxquooxdg.html]
[web/understanding-olap-and-oltp.html]
[web/load-balancer-vs-api-gateway.html]
[web/storing-values-within-index.html]
[web/sxdz0fb3dopm.html]
[web/databases-memory-and-disks.html]
[web/lercinhon6lb.html]
[web/read-book.html]
[web/laon4yjqbtig.html]
[web/jpg/img_4174.jpg]
[web/png/xd7j-loadbalancerdiagram.png]
[web/png/zdyf-apigatewayflowdiagram.png]
[web/png/owkg-apigatewaylbcombined.png]
[web/read-book.html]
[web/laon4yjqbtig.html]
[web/svg/mindmap.svg]
[web/svg/message flow.svg]
[web/svg/mindmap49a8.svg]
[web/svg/mindmap.svg]
[web/svg/message flow.svg]
[web/svg/mindmap49a8.svg]
