[home.amgoyal.com/trilium/share/index.html]
[home.amgoyal.com/trilium/assets/v0.63.7/app-dist/share.js]
[home.amgoyal.com/trilium/favicon.ico]
[home.amgoyal.com/trilium/assets/v0.63.7/libraries/normalize.min.css]
[home.amgoyal.com/trilium/assets/v0.63.7/stylesheets/share.css]
[home.amgoyal.com/trilium/assets/v0.63.7/libraries/ckeditor/ckeditor-content.css]
[backblue.gif]
[fade.gif]
[index.html]
[home.amgoyal.com/trilium/share/load-balancer-vs-api-gateway.html]
[home.amgoyal.com/trilium/share/LERcINhON6LB.html]
[home.amgoyal.com/trilium/share/tQXmL7PfWRFx.html]
[home.amgoyal.com/trilium/share/cqRORdZEEaL4.html]
[home.amgoyal.com/trilium/share/index.html]
[home.amgoyal.com/trilium/assets/v0.63.7/libraries/normalize.min.css]
[home.amgoyal.com/trilium/assets/v0.63.7/stylesheets/share.css]
[home.amgoyal.com/trilium/assets/v0.63.7/libraries/ckeditor/ckeditor-content.css]
[static.cloudflareinsights.com/beacon.min.js/vcd15cbe7772f49c399c6a5babf22c1241717689176015]
[home.amgoyal.com/trilium/share/api/images/p6woNXg7ft3r/Canvas8bf3.svg]
[home.amgoyal.com/trilium/share/api/images/2RklPHyE7zqf/API Mermaid8580.svg]
[home.amgoyal.com/trilium/share/api/attachments/OJ3Z0hsc4Yft/image/e39p799odegm2j301km.svg]
[home.amgoyal.com/trilium/share/load-balancer-vs-api-gateway.html]
[home.amgoyal.com/trilium/share/api/attachments/PetBzlxCYaEg/image/Message Flow.svg]
[home.amgoyal.com/trilium/share/LERcINhON6LB.html]
[home.amgoyal.com/trilium/share/api/images/tQXmL7PfWRFx/API Mermaid1dea.svg]
[home.amgoyal.com/trilium/share/tQXmL7PfWRFx.html]
[home.amgoyal.com/trilium/share/api/images/cqRORdZEEaL4/Message Flowe456.svg]
[home.amgoyal.com/trilium/share/cqRORdZEEaL4.html]
[home.amgoyal.com/trilium/share/api/images/p6woNXg7ft3r/Canvas8bf3.svg]
[home.amgoyal.com/trilium/share/api/images/2RklPHyE7zqf/API Mermaid8580.svg]
[home.amgoyal.com/trilium/share/api/attachments/OJ3Z0hsc4Yft/image/e39p799odegm2j301km.svg]
[home.amgoyal.com/trilium/share/api/attachments/PetBzlxCYaEg/image/Message Flow.svg]
[home.amgoyal.com/trilium/share/api/images/tQXmL7PfWRFx/API Mermaid1dea.svg]
[home.amgoyal.com/trilium/share/api/images/cqRORdZEEaL4/Message Flowe456.svg]
[home.amgoyal.com/node_modules/@excalidraw/excalidraw/dist/dist/excalidraw-assets/Virgil.json]
[home.amgoyal.com/node_modules/@excalidraw/excalidraw/dist/dist/excalidraw-assets/Cascadia.json]
[home.amgoyal.com/node_modules/@excalidraw/excalidraw/dist/dist/excalidraw-assets/Assistant-Regular.json]
[www.w3.org/1999/xhtml/index.html]
[www.w3.org/StyleSheets/TR/base.css]
[www.w3.org/2003/g/data-view.html]
[www.w3.org/2008/07/rdfa-xslt]
[www.w3.org/assets/logos/w3c/w3c-no-bars.svg]
[www.w3.org/index.html]
[www.w3.org/TR/xhtml1/index.html]
[www.w3.org/TR/xhtml-modularization/index.html]
[www.w3.org/TR/xhtml11/index.html]
[www.w3.org/1999/xhtml/index.html]
[www.w3.org/TR/xhtml-basic/index.html]
[www.w3.org/StyleSheets/TR/base.css]
[www.w3.org/2003/g/data-view.html]
[www.w3.org/TR/xhtml-print/index.html]
[www.w3.org/index.html]
[www.w3.org/assets/logos/w3c/w3c-no-bars.svg]
[www.w3.org/TR/html5/index.html]
[www.w3.org/TR/xhtml1/index.html]
[www.w3.org/TR/xhtml-modularization/index.html]
[www.w3.org/TR/xhtml11/index.html]
[www.w3.org/TR/xhtml-basic/index.html]
[www.w3.org/TR/xhtml-print/index.html]
[www.w3.org/TR/rdfa-syntax/index.html]
[www.w3.org/TR/rdfa-syntax/index.html]
[www.w3.org/TR/html51/index.html]
[www.w3.org/TR/html52/index.html]
[www.w3.org/TR/REC-xml-names/index.html]
[www.w3.org/WebPlatform/WG/index.html]
[www.w3.org/TR/REC-xml-names/index.html]
