[192.168.1.100_8082/share/index.html]
[192.168.1.100_8082/favicon.ico]
[192.168.1.100_8082/assets/v0.63.7/app-dist/share.js]
[192.168.1.100_8082/assets/v0.63.7/libraries/normalize.min.css]
[192.168.1.100_8082/assets/v0.63.7/stylesheets/share.css]
[192.168.1.100_8082/assets/v0.63.7/libraries/ckeditor/ckeditor-content.css]
[backblue.gif]
[fade.gif]
[index.html]
[192.168.1.100_8082/share/load-balancer-vs-api-gateway.html]
[192.168.1.100_8082/share/LERcINhON6LB.html]
[192.168.1.100_8082/share/cqRORdZEEaL4.html]
[192.168.1.100_8082/share/index.html]
[192.168.1.100_8082/assets/v0.63.7/libraries/normalize.min.css]
[192.168.1.100_8082/assets/v0.63.7/stylesheets/share.css]
[192.168.1.100_8082/assets/v0.63.7/libraries/ckeditor/ckeditor-content.css]
[192.168.1.100_8082/share/api/attachments/47HjGCwaAD2c/image/XD7J-loadbalancerdiagram.png]
[192.168.1.100_8082/share/api/attachments/mW637zsMYTCi/image/zDyf-apigatewayflowdiagram.png]
[192.168.1.100_8082/share/load-balancer-vs-api-gateway.html]
[192.168.1.100_8082/share/api/attachments/8zeaaiodEXFm/image/owKg-apigatewaylbcombined.png]
[192.168.1.100_8082/share/LERcINhON6LB.html]
[192.168.1.100_8082/share/api/attachments/PetBzlxCYaEg/image/Message Flow.svg]
[192.168.1.100_8082/share/cqRORdZEEaL4.html]
[192.168.1.100_8082/share/api/images/cqRORdZEEaL4/Message Flowe456.svg]
[192.168.1.100_8082/share/api/attachments/PetBzlxCYaEg/image/Message Flow.svg]
[192.168.1.100_8082/share/api/images/cqRORdZEEaL4/Message Flowe456.svg]
[www.w3.org/1999/xhtml/index.html]
[www.w3.org/StyleSheets/TR/base.css]
[www.w3.org/2003/g/data-view.html]
[www.w3.org/2008/07/rdfa-xslt]
[www.w3.org/assets/logos/w3c/w3c-no-bars.svg]
[www.w3.org/index.html]
[www.w3.org/TR/xhtml1/index.html]
[www.w3.org/TR/xhtml-modularization/index.html]
[www.w3.org/TR/xhtml11/index.html]
[www.w3.org/1999/xhtml/index.html]
[www.w3.org/StyleSheets/TR/base.css]
[www.w3.org/TR/xhtml-basic/index.html]
[www.w3.org/2003/g/data-view.html]
[www.w3.org/TR/xhtml-print/index.html]
[www.w3.org/index.html]
[www.w3.org/assets/logos/w3c/w3c-no-bars.svg]
[www.w3.org/TR/html5/index.html]
[www.w3.org/TR/xhtml1/index.html]
[www.w3.org/TR/xhtml-modularization/index.html]
[www.w3.org/TR/xhtml11/index.html]
[www.w3.org/TR/xhtml-basic/index.html]
[www.w3.org/TR/xhtml-print/index.html]
[www.w3.org/TR/rdfa-syntax/index.html]
[www.w3.org/TR/rdfa-syntax/index.html]
[www.w3.org/TR/html51/index.html]
[www.w3.org/TR/html52/index.html]
[www.w3.org/TR/REC-xml-names/index.html]
[www.w3.org/WebPlatform/WG/index.html]
[www.w3.org/TR/REC-xml-names/index.html]
